Source: ../api.sql
select octet_length(m), octet_length(geometry) from t;
---
{
	 octet_length(m): 233
	 octet_length(geometry): 11533
}
{
	 octet_length(m): 234
	 octet_length(geometry): 28397
}
{
	 octet_length(m): 235
	 octet_length(geometry): 81868
}
{
	 octet_length(m): 238
	 octet_length(geometry): 49971
}
{
	 octet_length(m): 237
	 octet_length(geometry): 29530
}
{
	 octet_length(m): 238
	 octet_length(geometry): 50371
}
{
	 octet_length(m): 236
	 octet_length(geometry): 38189
}
{
	 octet_length(m): 239
	 octet_length(geometry): 29469
}
{
	 octet_length(m): 237
	 octet_length(geometry): 48253
}
{
	 octet_length(m): 240
	 octet_length(geometry): 8253
}
{
	 octet_length(m): 228
	 octet_length(geometry): 6861
}
{
	 octet_length(m): 231
	 octet_length(geometry): 41933
}
{
	 octet_length(m): 237
	 octet_length(geometry): 36109
}
{
	 octet_length(m): 238
	 octet_length(geometry): 7053
}
{
	 octet_length(m): 230
	 octet_length(geometry): 69767
}
{
	 octet_length(m): 228
	 octet_length(geometry): 35053
}
{
	 octet_length(m): 229
	 octet_length(geometry): 23949
}
{
	 octet_length(m): 229
	 octet_length(geometry): 52093
}
{
	 octet_length(m): 239
	 octet_length(geometry): 1772666
}
{
	 octet_length(m): 238
	 octet_length(geometry): 11869
}
{
	 octet_length(m): 238
	 octet_length(geometry): 49629
}
{
	 octet_length(m): 227
	 octet_length(geometry): 26189
}
{
	 octet_length(m): 232
	 octet_length(geometry): 94013
}
{
	 octet_length(m): 226
	 octet_length(geometry): 41741
}
{
	 octet_length(m): 234
	 octet_length(geometry): 44125
}
{
	 octet_length(m): 233
	 octet_length(geometry): 29453
}
{
	 octet_length(m): 228
	 octet_length(geometry): 8525
}
{
	 octet_length(m): 246
	 octet_length(geometry): 3629
}
{
	 octet_length(m): 244
	 octet_length(geometry): 16398
}
{
	 octet_length(m): 232
	 octet_length(geometry): 18440
}
{
	 octet_length(m): 230
	 octet_length(geometry): 42141
}
{
	 octet_length(m): 237
	 octet_length(geometry): 22765
}
{
	 octet_length(m): 239
	 octet_length(geometry): 31709
}
{
	 octet_length(m): 243
	 octet_length(geometry): 111269
}
{
	 octet_length(m): 230
	 octet_length(geometry): 37481
}
{
	 octet_length(m): 229
	 octet_length(geometry): 207113
}
{
	 octet_length(m): 227
	 octet_length(geometry): 51881
}
{
	 octet_length(m): 232
	 octet_length(geometry): 89423
}
{
	 octet_length(m): 230
	 octet_length(geometry): 32119
}
{
	 octet_length(m): 233
	 octet_length(geometry): 44385
}
{
	 octet_length(m): 237
	 octet_length(geometry): 89378
}
{
	 octet_length(m): 230
	 octet_length(geometry): 95087
}
{
	 octet_length(m): 241
	 octet_length(geometry): 62221
}
{
	 octet_length(m): 232
	 octet_length(geometry): 88155
}
{
	 octet_length(m): 230
	 octet_length(geometry): 215244
}
{
	 octet_length(m): 234
	 octet_length(geometry): 43875
}
{
	 octet_length(m): 230
	 octet_length(geometry): 130894
}
{
	 octet_length(m): 247
	 octet_length(geometry): 36037
}
{
	 octet_length(m): 231
	 octet_length(geometry): 25491
}
{
	 octet_length(m): 249
	 octet_length(geometry): 51501
}
{
	 octet_length(m): 238
	 octet_length(geometry): 100531
}
{
	 octet_length(m): 227
	 octet_length(geometry): 120877
}
{
	 octet_length(m): 230
	 octet_length(geometry): 44661
}
{
	 octet_length(m): 222
	 octet_length(geometry): 9411
}
{
	 octet_length(m): 263
	 octet_length(geometry): 21600
}
{
	 octet_length(m): 231
	 octet_length(geometry): 20799
}

