Source: ../api.sql
select octet_length(m), octet_length(geometry) from t;
---
{
	 octet_length(m): NULL
	 octet_length(geometry): 365
}
{
	 octet_length(m): NULL
	 octet_length(geometry): 93
}
{
	 octet_length(m): NULL
	 octet_length(geometry): 41
}
{
	 octet_length(m): NULL
	 octet_length(geometry): 21
}
{
	 octet_length(m): NULL
	 octet_length(geometry): 21
}

